[2026-08-02T17:02:16.149Z] START self-improvement-loop maxCycles=8
[2026-08-02T17:02:16.149Z] CYCLE_START cycle=1
[2026-08-02T17:02:16.161Z] CYCLE_1_NEEDS_WORK incident=UPSTREAM_ERROR action=none
[2026-08-02T17:02:24.163Z] CYCLE_START cycle=2
[2026-08-02T17:02:24.167Z] CYCLE_2_NEEDS_WORK incident=UPSTREAM_ERROR action=none
[2026-08-02T17:02:32.169Z] CYCLE_START cycle=3
[2026-08-02T17:02:32.173Z] CYCLE_3_NEEDS_WORK incident=UPSTREAM_ERROR action=none
[2026-08-02T17:02:40.175Z] CYCLE_START cycle=4
[2026-08-02T17:02:40.177Z] CYCLE_4_NEEDS_WORK incident=UPSTREAM_ERROR action=none
[2026-08-02T17:02:48.179Z] CYCLE_START cycle=5
[2026-08-02T17:02:48.183Z] CYCLE_5_NEEDS_WORK incident=UPSTREAM_ERROR action=none
[2026-08-02T17:02:56.184Z] CYCLE_START cycle=6
[2026-08-02T17:02:56.188Z] CYCLE_6_NEEDS_WORK incident=UPSTREAM_ERROR action=none
[2026-08-02T17:03:04.190Z] CYCLE_START cycle=7
[2026-08-02T17:03:04.194Z] CYCLE_7_NEEDS_WORK incident=UPSTREAM_ERROR action=none
[2026-08-02T17:03:12.194Z] CYCLE_START cycle=8
[2026-08-02T17:03:12.198Z] CYCLE_8_NEEDS_WORK incident=UPSTREAM_ERROR action=none
[2026-08-02T17:03:20.200Z] LOOP_END not_ready after=8 cycles
[2026-08-02T17:04:51.863Z] START self-improvement-loop maxCycles=5
[2026-08-02T17:04:51.863Z] CYCLE_START cycle=1
[2026-08-02T17:05:26.803Z] START self-improvement-loop maxCycles=5
[2026-08-02T17:05:26.804Z] CYCLE_START cycle=1
[2026-08-02T17:05:26.820Z] APPROVAL {"at":"2026-08-02T17:05:26.820Z","decision":{"file":"js/app.js","change":"remove-confirm-blocking","priority":"high"},"approvedBy":"ui-ux-agent","reason":"design_improvement_loop"}
[2026-08-02T17:05:26.820Z] CYCLE_1_UI_NEEDS_WORK fixes=1
[2026-08-02T17:05:31.880Z] CYCLE_START cycle=2
[2026-08-02T17:05:32.059Z] APPROVAL {"at":"2026-08-02T17:05:32.059Z","decision":{"file":"js/app.js","change":"remove-confirm-blocking","priority":"high"},"approvedBy":"ui-ux-agent","reason":"design_improvement_loop"}
[2026-08-02T17:05:32.059Z] CYCLE_2_UI_NEEDS_WORK fixes=1
[2026-08-02T17:05:37.061Z] CYCLE_START cycle=3
[2026-08-02T17:05:37.068Z] APPROVAL {"at":"2026-08-02T17:05:37.068Z","decision":{"file":"js/app.js","change":"remove-confirm-blocking","priority":"high"},"approvedBy":"ui-ux-agent","reason":"design_improvement_loop"}
[2026-08-02T17:05:37.068Z] CYCLE_3_UI_NEEDS_WORK fixes=1
[2026-08-02T17:05:42.068Z] CYCLE_START cycle=4
[2026-08-02T17:05:42.071Z] APPROVAL {"at":"2026-08-02T17:05:42.071Z","decision":{"file":"js/app.js","change":"remove-confirm-blocking","priority":"high"},"approvedBy":"ui-ux-agent","reason":"design_improvement_loop"}
[2026-08-02T17:05:42.071Z] CYCLE_4_UI_NEEDS_WORK fixes=1
[2026-08-02T17:05:47.072Z] CYCLE_START cycle=5
[2026-08-02T17:05:47.077Z] APPROVAL {"at":"2026-08-02T17:05:47.077Z","decision":{"file":"js/app.js","change":"remove-confirm-blocking","priority":"high"},"approvedBy":"ui-ux-agent","reason":"design_improvement_loop"}
[2026-08-02T17:05:47.077Z] CYCLE_5_UI_NEEDS_WORK fixes=1
[2026-08-02T17:05:52.079Z] LOOP_END not_ready after=5 cycles
[2026-08-02T17:06:54.108Z] APPROVAL {"at":"2026-08-02T17:06:54.101Z","decision":{"file":"js/app.js","change":"remove-confirm-blocking","priority":"high"},"approvedBy":"ui-ux-agent","reason":"design_improvement_loop"}
[2026-08-02T17:07:50.492Z] START self-improvement-loop maxCycles=3
[2026-08-02T17:07:50.493Z] CYCLE_START cycle=1
[2026-08-02T17:07:50.519Z] APPROVAL {"at":"2026-08-02T17:07:50.519Z","decision":{"file":"js/app.js","change":"remove-confirm-blocking","priority":"high"},"approvedBy":"ui-ux-agent","reason":"design_improvement_loop"}
[2026-08-02T17:07:50.520Z] FIX_RESULT change=remove-confirm-blocking ok=false reason=no_change_needed
[2026-08-02T17:07:53.578Z] POST_FIX_VERIFICATION ok=true reason=
[2026-08-02T17:07:53.579Z] CYCLE_1_NOT_READY monitor=true ui=false verify=true
[2026-08-02T17:07:57.580Z] CYCLE_START cycle=2
[2026-08-02T17:07:57.585Z] APPROVAL {"at":"2026-08-02T17:07:57.585Z","decision":{"file":"js/app.js","change":"remove-confirm-blocking","priority":"high"},"approvedBy":"ui-ux-agent","reason":"design_improvement_loop"}
[2026-08-02T17:07:57.586Z] FIX_RESULT change=remove-confirm-blocking ok=false reason=no_change_needed
[2026-08-02T17:08:00.632Z] POST_FIX_VERIFICATION ok=true reason=
[2026-08-02T17:08:00.633Z] CYCLE_2_NOT_READY monitor=true ui=false verify=true
[2026-08-02T17:08:04.634Z] CYCLE_START cycle=3
[2026-08-02T17:08:04.640Z] APPROVAL {"at":"2026-08-02T17:08:04.640Z","decision":{"file":"js/app.js","change":"remove-confirm-blocking","priority":"high"},"approvedBy":"ui-ux-agent","reason":"design_improvement_loop"}
[2026-08-02T17:08:04.640Z] FIX_RESULT change=remove-confirm-blocking ok=false reason=no_change_needed
[2026-08-02T17:08:07.690Z] POST_FIX_VERIFICATION ok=true reason=
[2026-08-02T17:08:07.691Z] CYCLE_3_NOT_READY monitor=true ui=false verify=true
[2026-08-02T17:08:11.692Z] LOOP_END not_ready after=3 cycles
[2026-08-02T17:09:07.156Z] START self-improvement-loop maxCycles=3
[2026-08-02T17:09:07.156Z] CYCLE_START cycle=1
[2026-08-02T17:09:07.169Z] NO_IMPROVEMENT_NEEDED
[2026-08-02T17:09:07.169Z] CYCLE_1_NOT_READY monitor=true ui=true verify=undefined
[2026-08-02T17:09:10.170Z] CYCLE_START cycle=2
[2026-08-02T17:09:10.173Z] NO_IMPROVEMENT_NEEDED
[2026-08-02T17:09:10.173Z] CYCLE_2_NOT_READY monitor=true ui=true verify=undefined
[2026-08-02T17:09:13.174Z] CYCLE_START cycle=3
[2026-08-02T17:09:13.178Z] NO_IMPROVEMENT_NEEDED
[2026-08-02T17:09:13.178Z] CYCLE_3_NOT_READY monitor=true ui=true verify=undefined
[2026-08-02T17:09:16.178Z] LOOP_END not_ready after=3 cycles
[2026-08-02T17:10:21.211Z] START self-improvement-loop maxCycles=2
[2026-08-02T17:10:21.211Z] CYCLE_START cycle=1
[2026-08-02T17:10:21.224Z] NO_IMPROVEMENT_NEEDED
[2026-08-02T17:10:21.224Z] CYCLE_1_NOT_READY monitor=true ui=true verify=undefined
[2026-08-02T17:10:24.226Z] CYCLE_START cycle=2
[2026-08-02T17:10:24.229Z] NO_IMPROVEMENT_NEEDED
[2026-08-02T17:10:24.230Z] CYCLE_2_NOT_READY monitor=true ui=true verify=undefined
[2026-08-02T17:10:27.231Z] LOOP_END not_ready after=2 cycles
[2026-08-02T17:11:15.849Z] START self-improvement-loop maxCycles=2
[2026-08-02T17:11:15.850Z] CYCLE_START cycle=1
[2026-08-02T17:11:15.863Z] NO_IMPROVEMENT_NEEDED
[2026-08-02T17:11:15.863Z] CYCLE_1_NOT_READY monitor=true ui=true verify=undefined
[2026-08-02T17:11:18.864Z] CYCLE_START cycle=2
[2026-08-02T17:11:18.867Z] NO_IMPROVEMENT_NEEDED
[2026-08-02T17:11:18.867Z] CYCLE_2_NOT_READY monitor=true ui=true verify=undefined
[2026-08-02T17:11:21.869Z] LOOP_END not_ready after=2 cycles
[2026-08-02T17:12:14.044Z] START self-improvement-loop maxCycles=2
[2026-08-02T17:12:14.044Z] CYCLE_START cycle=1
[2026-08-02T17:12:14.057Z] NO_IMPROVEMENT_NEEDED
[2026-08-02T17:12:14.099Z] MANUAL_VERIFICATION ok=true reason=
[2026-08-02T17:12:14.099Z] APP_READY_FOR_TESTING cycle=1 fixes=0 verification=HEALTH 200 ok
RUBRICAS 200 [{"id":"3bgu-liberalismo","nombre":"Ensayo argumentativo — Liberalismo y libertades civiles en el Ecuador actual","puntajeMaximo":10},{"id":"1bgu-grecia-roma","nombre":"Rúbrica 1BGU Historia y Ciudadanía — Grecia y Roma","puntajeMaximo":10}]
EVAL_3BGU 200 {"rubricId":"3bgu-liberalismo","words":313,"truncated":false,"criteria":[{"id":"A","nombre":"Conocimiento y Comprensión","peso":3,"nivel":3,"justificacion":"Evaluación automática JS."},{"id":"C","nombre":"Comunicación","peso":3,"nivel":3,"justificacion":"Evaluación automática JS."},{"id":"D","nombre":"Pensamiento Crítico","peso":4,"nivel":4,"justificacion":"Evaluación automática JS."}],"total":10,"maxScore":10,"status":"ok"}
EVAL_1BGU 200 {"rubricId":"1bgu-grecia-roma","words":693,"truncated":false,"criteria":[{"id":"A","nombre":"Conocimiento y Comprensión","peso":3,"nivel":2,"justificacion":"Evaluación automática JS."},{"id":"C","nombre":"Comunicación","peso":3,"nivel":2,"justificacion":"Evaluación automática JS."},{"id":"D","nombre":"Pensamiento Crítico","peso":4,"nivel":1,"justificacion":"Evaluación automática JS."}],"total":5,"maxScore":10,"status":"ok"}
PASS - v2 verification loop
[2026-08-02T18:21:34.696Z] START self-improvement-loop maxCycles=3
[2026-08-02T18:21:34.696Z] CYCLE_START cycle=1
[2026-08-02T18:22:26.902Z] FIX_APPLIED change=add-feedback-engine file=server.js
[2026-08-02T18:22:26.908Z] APPROVAL {"at":"2026-08-02T18:22:26.907Z","decision":{"file":"server.js","change":"add-feedback-engine","priority":"high"},"approvedBy":"evaluation-agent","reason":"evaluation_engine_calibration"}
[2026-08-02T18:23:14.745Z] NO_EVALUATION_WORK_NEEDED
[2026-08-02T18:23:55.066Z] START self-improvement-loop maxCycles=3
[2026-08-02T18:23:55.067Z] CYCLE_START cycle=1
[2026-08-02T18:23:55.081Z] NO_EVALUATION_WORK_NEEDED
[2026-08-02T18:23:55.130Z] POST_FIX_VERIFICATION ok=true reason=
[2026-08-02T18:23:55.130Z] APP_READY_FOR_TESTING cycle=1 verification=HEALTH 200 ok
RUBRICAS 200 [{"id":"3bgu-liberalismo","nombre":"Ensayo argumentativo — Liberalismo y libertades civiles en el Ecuador actual","puntajeMaximo":10},{"id":"1bgu-grecia-roma","nombre":"Rúbrica 1BGU Historia y Ciudadanía — Grecia y Roma","puntajeMaximo":10}]
EVAL_3BGU 200 {"rubricId":"3bgu-liberalismo","words":313,"truncated":false,"criteria":[{"id":"A","nombre":"Conocimiento y Comprensión","peso":3,"nivel":3,"justificacion":"Evaluación automática JS."},{"id":"C","nombre":"Comunicación","peso":3,"nivel":3,"justificacion":"Evaluación automática JS."},{"id":"D","nombre":"Pensamiento Crítico","peso":4,"nivel":4,"justificacion":"Evaluación automática JS."}],"total":10,"maxScore":10,"status":"ok"}
EVAL_1BGU 200 {"rubricId":"1bgu-grecia-roma","words":693,"truncated":false,"criteria":[{"id":"A","nombre":"Conocimiento y Comprensión","peso":3,"nivel":2,"justificacion":"Evaluación automática JS."},{"id":"C","nombre":"Comunicación","peso":3,"nivel":2,"justificacion":"Evaluación automática JS."},{"id":"D","nombre":"Pensamiento Crítico","peso":4,"nivel":1,"justificacion":"Evaluación automática JS."}],"total":5,"maxScore":10,"status":"ok"}
PASS - v2 verification loop
[2026-08-02T21:24:32.455Z] START self-improvement-loop maxCycles=5
[2026-08-02T21:24:32.455Z] CYCLE_START cycle=1
[2026-08-02T21:24:32.480Z] NO_EVALUATION_WORK_NEEDED
[2026-08-02T21:24:32.535Z] POST_FIX_VERIFICATION ok=true reason=
[2026-08-02T21:24:32.535Z] APP_READY_FOR_TESTING cycle=1 verification=HEALTH 200 ok
RUBRICAS 200 [{"id":"3bgu-liberalismo","nombre":"Ensayo argumentativo — Liberalismo y libertades civiles en el Ecuador actual","puntajeMaximo":10},{"id":"1bgu-grecia-roma","nombre":"Rúbrica 1BGU Historia y Ciudadanía — Grecia y Roma","puntajeMaximo":10}]
EVAL_3BGU 200 {"rubricId":"3bgu-liberalismo","words":313,"truncated":false,"criteria":[{"id":"A","nombre":"Conocimiento y Comprensión","peso":3,"nivel":3,"justificacion":"Demuestra dominio preciso de los conceptos clave y los aplica correctamente al contexto evaluado."},{"id":"C","nombre":"Comunicación","peso":3,"nivel":3,"justificacion":"Redacción clara, coherente y cohesionada. Las ideas se presentan en orden lógico y con fluidez."},{"id":"D","nombre":"Pensamiento Crítico","peso":4,"nivel":4,"justificacion":"Argumentación sólida, matizada y sustentada en referencias pertinentes. Distingue causas, consecuencias y matices."}],"total":10,"maxScore":10,"status":"ok"}
EVAL_1BGU 200 {"rubricId":"1bgu-grecia-roma","words":693,"truncated":false,"criteria":[{"id":"A","nombre":"Conocimiento y Comprensión","peso":3,"nivel":2,"justificacion":"Menciona conceptos relevantes, pero su aplicación es superficial o incompleta. Se recomienda vincular teoría y ejemplo con mayor precisión."},{"id":"C","nombre":"Comunicación","peso":3,"nivel":2,"justificacion":"La comunicación es comprensible y mantiene unidad temática, aunque hay margen para mejorar la cohesión entre párrafos."},{"id":"D","nombre":"Pensamiento Crítico","peso":4,"nivel":2,"justificacion":"El razonamiento crítico está presente y tiene sustento, aunque podría contrastar más perspectivas o evaluar límites."}],"total":6,"maxScore":10,"status":"ok"}
PASS - v2 verification loop
[2026-08-02T21:30:21.627Z] START self-improvement-loop maxCycles=8
[2026-08-02T21:30:21.627Z] CYCLE_START cycle=1
[2026-08-02T21:30:21.651Z] NO_EVALUATION_WORK_NEEDED
[2026-08-02T21:30:21.699Z] POST_FIX_VERIFICATION ok=true reason=
[2026-08-02T21:30:21.699Z] APP_READY_FOR_TESTING cycle=1 verification=HEALTH 200 ok
RUBRICAS 200 [{"id":"3bgu-liberalismo","nombre":"Ensayo argumentativo — Liberalismo y libertades civiles en el Ecuador actual","puntajeMaximo":10},{"id":"1bgu-grecia-roma","nombre":"Rúbrica 1BGU Historia y Ciudadanía — Grecia y Roma","puntajeMaximo":10}]
EVAL_3BGU 200 {"rubricId":"3bgu-liberalismo","words":313,"truncated":false,"criteria":[{"id":"A","nombre":"Conocimiento y Comprensión","peso":3,"nivel":3,"justificacion":"Demuestra dominio preciso de los conceptos clave y los aplica correctamente al contexto evaluado."},{"id":"C","nombre":"Comunicación","peso":3,"nivel":3,"justificacion":"Redacción clara, coherente y cohesionada. Las ideas se presentan en orden lógico y con fluidez."},{"id":"D","nombre":"Pensamiento Crítico","peso":4,"nivel":4,"justificacion":"Argumentación sólida, matizada y sustentada en referencias pertinentes. Distingue causas, consecuencias y matices."}],"total":10,"maxScore":10,"status":"ok"}
EVAL_1BGU 200 {"rubricId":"1bgu-grecia-roma","words":693,"truncated":false,"criteria":[{"id":"A","nombre":"Conocimiento y Comprensión","peso":3,"nivel":2,"justificacion":"Menciona conceptos relevantes, pero su aplicación es superficial o incompleta. Se recomienda vincular teoría y ejemplo con mayor precisión."},{"id":"C","nombre":"Comunicación","peso":3,"nivel":2,"justificacion":"La comunicación es comprensible y mantiene unidad temática, aunque hay margen para mejorar la cohesión entre párrafos."},{"id":"D","nombre":"Pensamiento Crítico","peso":4,"nivel":2,"justificacion":"El razonamiento crítico está presente y tiene sustento, aunque podría contrastar más perspectivas o evaluar límites."}],"total":6,"maxScore":10,"status":"ok"}
PASS - v2 verification loop
[2026-08-02T23:21:16.228Z] NO_EVALUATION_WORK_NEEDED
[2026-08-02T23:21:16.485Z] NO_IMPROVEMENT_NEEDED
[2026-08-02T23:21:16.549Z] START self-improvement-loop maxCycles=8
[2026-08-02T23:21:16.550Z] CYCLE_START cycle=1
[2026-08-02T23:21:16.567Z] NO_EVALUATION_WORK_NEEDED
[2026-08-02T23:21:16.655Z] POST_FIX_VERIFICATION ok=false reason=Command failed: node /Users/albertoottatirosas/coeval-lapbook-ada3/evaluador-ensayos-v2/scripts/verify-loop.js
[2026-08-02T23:21:16.655Z] CYCLE_1_VERIFICATION_FAILED
[2026-08-02T23:21:24.657Z] CYCLE_START cycle=2
[2026-08-02T23:21:24.669Z] NO_EVALUATION_WORK_NEEDED
[2026-08-02T23:21:24.770Z] POST_FIX_VERIFICATION ok=false reason=Command failed: node /Users/albertoottatirosas/coeval-lapbook-ada3/evaluador-ensayos-v2/scripts/verify-loop.js
[2026-08-02T23:21:24.770Z] CYCLE_2_VERIFICATION_FAILED
[2026-08-02T23:21:48.258Z] NO_EVALUATION_WORK_NEEDED
[2026-08-02T23:21:48.503Z] NO_IMPROVEMENT_NEEDED
[2026-08-02T23:21:48.565Z] START self-improvement-loop maxCycles=8
[2026-08-02T23:21:48.565Z] CYCLE_START cycle=1
[2026-08-02T23:21:48.582Z] NO_EVALUATION_WORK_NEEDED
[2026-08-02T23:21:48.670Z] POST_FIX_VERIFICATION ok=false reason=Command failed: node /Users/albertoottatirosas/coeval-lapbook-ada3/evaluador-ensayos-v2/scripts/verify-loop.js
[2026-08-02T23:21:48.670Z] CYCLE_1_VERIFICATION_FAILED
[2026-08-02T23:21:56.673Z] CYCLE_START cycle=2
[2026-08-02T23:21:56.682Z] NO_EVALUATION_WORK_NEEDED
[2026-08-02T23:21:56.791Z] POST_FIX_VERIFICATION ok=false reason=Command failed: node /Users/albertoottatirosas/coeval-lapbook-ada3/evaluador-ensayos-v2/scripts/verify-loop.js
[2026-08-02T23:21:56.792Z] CYCLE_2_VERIFICATION_FAILED
[2026-08-02T23:22:20.227Z] NO_EVALUATION_WORK_NEEDED
[2026-08-02T23:22:20.485Z] NO_IMPROVEMENT_NEEDED
[2026-08-02T23:22:20.550Z] START self-improvement-loop maxCycles=8
[2026-08-02T23:22:20.551Z] CYCLE_START cycle=1
[2026-08-02T23:22:20.567Z] NO_EVALUATION_WORK_NEEDED
[2026-08-02T23:22:20.649Z] POST_FIX_VERIFICATION ok=false reason=Command failed: node /Users/albertoottatirosas/coeval-lapbook-ada3/evaluador-ensayos-v2/scripts/verify-loop.js
[2026-08-02T23:22:20.649Z] CYCLE_1_VERIFICATION_FAILED
[2026-08-02T23:22:28.651Z] CYCLE_START cycle=2
[2026-08-02T23:22:28.659Z] NO_EVALUATION_WORK_NEEDED
[2026-08-02T23:22:28.775Z] POST_FIX_VERIFICATION ok=false reason=Command failed: node /Users/albertoottatirosas/coeval-lapbook-ada3/evaluador-ensayos-v2/scripts/verify-loop.js
[2026-08-02T23:22:28.775Z] CYCLE_2_VERIFICATION_FAILED
[2026-08-02T23:22:52.305Z] NO_EVALUATION_WORK_NEEDED
[2026-08-02T23:22:52.561Z] NO_IMPROVEMENT_NEEDED
[2026-08-02T23:22:52.625Z] START self-improvement-loop maxCycles=8
[2026-08-02T23:22:52.625Z] CYCLE_START cycle=1
[2026-08-02T23:22:52.639Z] NO_EVALUATION_WORK_NEEDED
[2026-08-02T23:22:52.723Z] POST_FIX_VERIFICATION ok=false reason=Command failed: node /Users/albertoottatirosas/coeval-lapbook-ada3/evaluador-ensayos-v2/scripts/verify-loop.js
[2026-08-02T23:22:52.723Z] CYCLE_1_VERIFICATION_FAILED
[2026-08-02T23:23:00.724Z] CYCLE_START cycle=2
[2026-08-02T23:23:00.733Z] NO_EVALUATION_WORK_NEEDED
[2026-08-02T23:23:00.861Z] POST_FIX_VERIFICATION ok=false reason=Command failed: node /Users/albertoottatirosas/coeval-lapbook-ada3/evaluador-ensayos-v2/scripts/verify-loop.js
[2026-08-02T23:23:00.861Z] CYCLE_2_VERIFICATION_FAILED
[2026-08-02T23:23:24.347Z] NO_EVALUATION_WORK_NEEDED
[2026-08-02T23:23:24.644Z] NO_IMPROVEMENT_NEEDED
[2026-08-02T23:23:24.713Z] START self-improvement-loop maxCycles=8
[2026-08-02T23:23:24.714Z] CYCLE_START cycle=1
[2026-08-02T23:23:24.729Z] NO_EVALUATION_WORK_NEEDED
[2026-08-02T23:23:24.820Z] POST_FIX_VERIFICATION ok=false reason=Command failed: node /Users/albertoottatirosas/coeval-lapbook-ada3/evaluador-ensayos-v2/scripts/verify-loop.js
[2026-08-02T23:23:24.820Z] CYCLE_1_VERIFICATION_FAILED
[2026-08-02T23:23:32.822Z] CYCLE_START cycle=2
[2026-08-02T23:23:32.830Z] NO_EVALUATION_WORK_NEEDED
[2026-08-02T23:23:32.929Z] POST_FIX_VERIFICATION ok=false reason=Command failed: node /Users/albertoottatirosas/coeval-lapbook-ada3/evaluador-ensayos-v2/scripts/verify-loop.js
[2026-08-02T23:23:32.929Z] CYCLE_2_VERIFICATION_FAILED
[2026-08-03T12:35:13.318Z] NO_EVALUATION_WORK_NEEDED
[2026-08-03T12:35:13.649Z] START self-improvement-loop maxCycles=8
[2026-08-03T12:35:13.649Z] CYCLE_START cycle=1
[2026-08-03T12:35:19.720Z] NO_EVALUATION_WORK_NEEDED
[2026-08-03T12:35:20.019Z] START self-improvement-loop maxCycles=8
[2026-08-03T12:35:20.019Z] CYCLE_START cycle=1
[2026-08-03T12:35:26.110Z] NO_EVALUATION_WORK_NEEDED
[2026-08-03T12:35:26.407Z] START self-improvement-loop maxCycles=8
[2026-08-03T12:35:26.407Z] CYCLE_START cycle=1
[2026-08-03T12:35:32.425Z] NO_EVALUATION_WORK_NEEDED
[2026-08-03T12:35:32.701Z] START self-improvement-loop maxCycles=8
[2026-08-03T12:35:32.701Z] CYCLE_START cycle=1
[2026-08-03T12:35:38.982Z] NO_EVALUATION_WORK_NEEDED
[2026-08-03T12:35:39.306Z] START self-improvement-loop maxCycles=8
[2026-08-03T12:35:39.306Z] CYCLE_START cycle=1
[2026-08-03T12:36:51.153Z] NO_EVALUATION_WORK_NEEDED
[2026-08-03T12:36:51.482Z] START self-improvement-loop maxCycles=8
[2026-08-03T12:36:51.483Z] CYCLE_START cycle=1
[2026-08-03T12:36:57.565Z] NO_EVALUATION_WORK_NEEDED
[2026-08-03T12:36:57.880Z] START self-improvement-loop maxCycles=8
[2026-08-03T12:36:57.880Z] CYCLE_START cycle=1
[2026-08-03T12:37:03.921Z] NO_EVALUATION_WORK_NEEDED
[2026-08-03T12:37:04.246Z] START self-improvement-loop maxCycles=8
[2026-08-03T12:37:04.246Z] CYCLE_START cycle=1
[2026-08-03T12:37:10.297Z] NO_EVALUATION_WORK_NEEDED
[2026-08-03T12:37:10.591Z] START self-improvement-loop maxCycles=8
[2026-08-03T12:37:10.591Z] CYCLE_START cycle=1
[2026-08-03T12:37:16.730Z] NO_EVALUATION_WORK_NEEDED
[2026-08-03T12:37:17.048Z] START self-improvement-loop maxCycles=8
[2026-08-03T12:37:17.048Z] CYCLE_START cycle=1
[2026-08-03T12:37:46.431Z] NO_EVALUATION_WORK_NEEDED
[2026-08-03T12:37:46.729Z] START self-improvement-loop maxCycles=8
[2026-08-03T12:37:46.729Z] CYCLE_START cycle=1
[2026-08-03T12:37:52.799Z] NO_EVALUATION_WORK_NEEDED
[2026-08-03T12:37:53.093Z] START self-improvement-loop maxCycles=8
[2026-08-03T12:37:53.094Z] CYCLE_START cycle=1
[2026-08-03T12:37:59.189Z] NO_EVALUATION_WORK_NEEDED
[2026-08-03T12:37:59.543Z] START self-improvement-loop maxCycles=8
[2026-08-03T12:37:59.543Z] CYCLE_START cycle=1
[2026-08-03T12:38:05.549Z] NO_EVALUATION_WORK_NEEDED
[2026-08-03T12:38:05.830Z] START self-improvement-loop maxCycles=8
[2026-08-03T12:38:05.830Z] CYCLE_START cycle=1
[2026-08-03T12:38:12.068Z] NO_EVALUATION_WORK_NEEDED
[2026-08-03T12:38:12.348Z] START self-improvement-loop maxCycles=8
[2026-08-03T12:38:12.349Z] CYCLE_START cycle=1
[2026-08-03T12:39:39.037Z] NO_EVALUATION_WORK_NEEDED
[2026-08-03T12:39:39.291Z] NO_IMPROVEMENT_NEEDED
[2026-08-03T12:39:39.362Z] START self-improvement-loop maxCycles=8
[2026-08-03T12:39:39.362Z] CYCLE_START cycle=1
[2026-08-03T12:39:39.379Z] NO_EVALUATION_WORK_NEEDED
[2026-08-03T12:39:39.462Z] POST_FIX_VERIFICATION ok=false reason=Command failed: node /Users/albertoottatirosas/coeval-lapbook-ada3/evaluador-ensayos-v2/scripts/verify-loop.js
[2026-08-03T12:39:39.462Z] CYCLE_1_VERIFICATION_FAILED
[2026-08-03T12:39:47.464Z] CYCLE_START cycle=2
[2026-08-03T12:39:47.472Z] NO_EVALUATION_WORK_NEEDED
[2026-08-03T12:39:47.575Z] POST_FIX_VERIFICATION ok=false reason=Command failed: node /Users/albertoottatirosas/coeval-lapbook-ada3/evaluador-ensayos-v2/scripts/verify-loop.js
[2026-08-03T12:39:47.576Z] CYCLE_2_VERIFICATION_FAILED
[2026-08-03T12:40:00.423Z] NO_EVALUATION_WORK_NEEDED
[2026-08-03T12:40:00.679Z] NO_IMPROVEMENT_NEEDED
[2026-08-03T12:40:00.747Z] START self-improvement-loop maxCycles=8
[2026-08-03T12:40:00.747Z] CYCLE_START cycle=1
[2026-08-03T12:40:00.762Z] NO_EVALUATION_WORK_NEEDED
[2026-08-03T12:40:00.834Z] POST_FIX_VERIFICATION ok=false reason=Command failed: node /Users/albertoottatirosas/coeval-lapbook-ada3/evaluador-ensayos-v2/scripts/verify-loop.js
[2026-08-03T12:40:00.834Z] CYCLE_1_VERIFICATION_FAILED
[2026-08-03T12:40:08.836Z] CYCLE_START cycle=2
[2026-08-03T12:40:08.853Z] NO_EVALUATION_WORK_NEEDED
[2026-08-03T12:40:08.962Z] POST_FIX_VERIFICATION ok=false reason=Command failed: node /Users/albertoottatirosas/coeval-lapbook-ada3/evaluador-ensayos-v2/scripts/verify-loop.js
[2026-08-03T12:40:08.962Z] CYCLE_2_VERIFICATION_FAILED
[2026-08-03T12:40:21.766Z] NO_EVALUATION_WORK_NEEDED
[2026-08-03T12:40:22.040Z] NO_IMPROVEMENT_NEEDED
[2026-08-03T12:40:22.113Z] START self-improvement-loop maxCycles=8
[2026-08-03T12:40:22.113Z] CYCLE_START cycle=1
[2026-08-03T12:40:22.130Z] NO_EVALUATION_WORK_NEEDED
[2026-08-03T12:40:22.266Z] POST_FIX_VERIFICATION ok=false reason=Command failed: node /Users/albertoottatirosas/coeval-lapbook-ada3/evaluador-ensayos-v2/scripts/verify-loop.js
[2026-08-03T12:40:22.266Z] CYCLE_1_VERIFICATION_FAILED
[2026-08-03T12:40:30.267Z] CYCLE_START cycle=2
[2026-08-03T12:40:30.279Z] NO_EVALUATION_WORK_NEEDED
[2026-08-03T12:40:30.382Z] POST_FIX_VERIFICATION ok=false reason=Command failed: node /Users/albertoottatirosas/coeval-lapbook-ada3/evaluador-ensayos-v2/scripts/verify-loop.js
[2026-08-03T12:40:30.382Z] CYCLE_2_VERIFICATION_FAILED
[2026-08-03T12:40:43.078Z] NO_EVALUATION_WORK_NEEDED
[2026-08-03T12:40:43.327Z] NO_IMPROVEMENT_NEEDED
[2026-08-03T12:40:43.392Z] START self-improvement-loop maxCycles=8
[2026-08-03T12:40:43.393Z] CYCLE_START cycle=1
[2026-08-03T12:40:43.407Z] NO_EVALUATION_WORK_NEEDED
[2026-08-03T12:40:43.478Z] POST_FIX_VERIFICATION ok=false reason=Command failed: node /Users/albertoottatirosas/coeval-lapbook-ada3/evaluador-ensayos-v2/scripts/verify-loop.js
[2026-08-03T12:40:43.478Z] CYCLE_1_VERIFICATION_FAILED
[2026-08-03T12:40:51.479Z] CYCLE_START cycle=2
[2026-08-03T12:40:51.488Z] NO_EVALUATION_WORK_NEEDED
[2026-08-03T12:40:51.614Z] POST_FIX_VERIFICATION ok=false reason=Command failed: node /Users/albertoottatirosas/coeval-lapbook-ada3/evaluador-ensayos-v2/scripts/verify-loop.js
[2026-08-03T12:40:51.614Z] CYCLE_2_VERIFICATION_FAILED
[2026-08-03T12:41:04.513Z] NO_EVALUATION_WORK_NEEDED
[2026-08-03T12:41:04.792Z] NO_IMPROVEMENT_NEEDED
[2026-08-03T12:41:04.859Z] START self-improvement-loop maxCycles=8
[2026-08-03T12:41:04.859Z] CYCLE_START cycle=1
[2026-08-03T12:41:04.873Z] NO_EVALUATION_WORK_NEEDED
[2026-08-03T12:41:04.947Z] POST_FIX_VERIFICATION ok=false reason=Command failed: node /Users/albertoottatirosas/coeval-lapbook-ada3/evaluador-ensayos-v2/scripts/verify-loop.js
[2026-08-03T12:41:04.948Z] CYCLE_1_VERIFICATION_FAILED
[2026-08-03T12:41:12.949Z] CYCLE_START cycle=2
[2026-08-03T12:41:12.959Z] NO_EVALUATION_WORK_NEEDED
[2026-08-03T12:41:13.067Z] POST_FIX_VERIFICATION ok=false reason=Command failed: node /Users/albertoottatirosas/coeval-lapbook-ada3/evaluador-ensayos-v2/scripts/verify-loop.js
[2026-08-03T12:41:13.067Z] CYCLE_2_VERIFICATION_FAILED
[2026-08-03T12:42:31.075Z] NO_EVALUATION_WORK_NEEDED
[2026-08-03T12:42:31.326Z] NO_IMPROVEMENT_NEEDED
[2026-08-03T12:42:31.394Z] START self-improvement-loop maxCycles=8
[2026-08-03T12:42:31.394Z] CYCLE_START cycle=1
[2026-08-03T12:42:31.411Z] NO_EVALUATION_WORK_NEEDED
[2026-08-03T12:42:31.490Z] POST_FIX_VERIFICATION ok=false reason=Command failed: node /Users/albertoottatirosas/coeval-lapbook-ada3/evaluador-ensayos-v2/scripts/verify-loop.js
[2026-08-03T12:42:31.490Z] CYCLE_1_VERIFICATION_FAILED
[2026-08-03T12:42:39.491Z] CYCLE_START cycle=2
[2026-08-03T12:42:39.500Z] NO_EVALUATION_WORK_NEEDED
[2026-08-03T12:42:39.617Z] POST_FIX_VERIFICATION ok=false reason=Command failed: node /Users/albertoottatirosas/coeval-lapbook-ada3/evaluador-ensayos-v2/scripts/verify-loop.js
[2026-08-03T12:42:39.618Z] CYCLE_2_VERIFICATION_FAILED
[2026-08-03T12:42:47.453Z] NO_EVALUATION_WORK_NEEDED
[2026-08-03T12:42:47.711Z] NO_IMPROVEMENT_NEEDED
[2026-08-03T12:42:47.781Z] START self-improvement-loop maxCycles=8
[2026-08-03T12:42:47.782Z] CYCLE_START cycle=1
[2026-08-03T12:42:47.796Z] NO_EVALUATION_WORK_NEEDED
[2026-08-03T12:42:47.876Z] POST_FIX_VERIFICATION ok=false reason=Command failed: node /Users/albertoottatirosas/coeval-lapbook-ada3/evaluador-ensayos-v2/scripts/verify-loop.js
[2026-08-03T12:42:47.877Z] CYCLE_1_VERIFICATION_FAILED
[2026-08-03T12:42:55.878Z] CYCLE_START cycle=2
[2026-08-03T12:42:55.884Z] NO_EVALUATION_WORK_NEEDED
[2026-08-03T12:42:56.009Z] POST_FIX_VERIFICATION ok=false reason=Command failed: node /Users/albertoottatirosas/coeval-lapbook-ada3/evaluador-ensayos-v2/scripts/verify-loop.js
[2026-08-03T12:42:56.010Z] CYCLE_2_VERIFICATION_FAILED
[2026-08-03T12:43:03.843Z] NO_EVALUATION_WORK_NEEDED
[2026-08-03T12:43:04.091Z] NO_IMPROVEMENT_NEEDED
[2026-08-03T12:43:04.165Z] START self-improvement-loop maxCycles=8
[2026-08-03T12:43:04.165Z] CYCLE_START cycle=1
[2026-08-03T12:43:04.181Z] NO_EVALUATION_WORK_NEEDED
[2026-08-03T12:43:04.264Z] POST_FIX_VERIFICATION ok=false reason=Command failed: node /Users/albertoottatirosas/coeval-lapbook-ada3/evaluador-ensayos-v2/scripts/verify-loop.js
[2026-08-03T12:43:04.264Z] CYCLE_1_VERIFICATION_FAILED
[2026-08-03T12:43:12.266Z] CYCLE_START cycle=2
[2026-08-03T12:43:12.279Z] NO_EVALUATION_WORK_NEEDED
[2026-08-03T12:43:12.392Z] POST_FIX_VERIFICATION ok=false reason=Command failed: node /Users/albertoottatirosas/coeval-lapbook-ada3/evaluador-ensayos-v2/scripts/verify-loop.js
[2026-08-03T12:43:12.393Z] CYCLE_2_VERIFICATION_FAILED
[2026-08-03T12:43:20.304Z] NO_EVALUATION_WORK_NEEDED
[2026-08-03T12:43:20.575Z] NO_IMPROVEMENT_NEEDED
[2026-08-03T12:43:20.648Z] START self-improvement-loop maxCycles=8
[2026-08-03T12:43:20.649Z] CYCLE_START cycle=1
[2026-08-03T12:43:20.665Z] NO_EVALUATION_WORK_NEEDED
[2026-08-03T12:43:20.744Z] POST_FIX_VERIFICATION ok=false reason=Command failed: node /Users/albertoottatirosas/coeval-lapbook-ada3/evaluador-ensayos-v2/scripts/verify-loop.js
[2026-08-03T12:43:20.744Z] CYCLE_1_VERIFICATION_FAILED
[2026-08-03T12:43:28.746Z] CYCLE_START cycle=2
[2026-08-03T12:43:28.754Z] NO_EVALUATION_WORK_NEEDED
[2026-08-03T12:43:28.861Z] POST_FIX_VERIFICATION ok=false reason=Command failed: node /Users/albertoottatirosas/coeval-lapbook-ada3/evaluador-ensayos-v2/scripts/verify-loop.js
[2026-08-03T12:43:28.862Z] CYCLE_2_VERIFICATION_FAILED
[2026-08-03T12:43:36.657Z] NO_EVALUATION_WORK_NEEDED
[2026-08-03T12:43:36.902Z] NO_IMPROVEMENT_NEEDED
[2026-08-03T12:43:36.975Z] START self-improvement-loop maxCycles=8
[2026-08-03T12:43:36.975Z] CYCLE_START cycle=1
[2026-08-03T12:43:36.993Z] NO_EVALUATION_WORK_NEEDED
[2026-08-03T12:43:37.083Z] POST_FIX_VERIFICATION ok=false reason=Command failed: node /Users/albertoottatirosas/coeval-lapbook-ada3/evaluador-ensayos-v2/scripts/verify-loop.js
[2026-08-03T12:43:37.083Z] CYCLE_1_VERIFICATION_FAILED
[2026-08-03T12:43:45.085Z] CYCLE_START cycle=2
[2026-08-03T12:43:45.099Z] NO_EVALUATION_WORK_NEEDED
[2026-08-03T12:43:45.201Z] POST_FIX_VERIFICATION ok=false reason=Command failed: node /Users/albertoottatirosas/coeval-lapbook-ada3/evaluador-ensayos-v2/scripts/verify-loop.js
[2026-08-03T12:43:45.201Z] CYCLE_2_VERIFICATION_FAILED
[2026-08-03T12:44:03.802Z] NO_EVALUATION_WORK_NEEDED
[2026-08-03T12:44:04.058Z] NO_IMPROVEMENT_NEEDED
[2026-08-03T12:44:04.128Z] START self-improvement-loop maxCycles=8
[2026-08-03T12:44:04.129Z] CYCLE_START cycle=1
[2026-08-03T12:44:04.145Z] NO_EVALUATION_WORK_NEEDED
[2026-08-03T12:44:04.259Z] POST_FIX_VERIFICATION ok=false reason=Command failed: node /Users/albertoottatirosas/coeval-lapbook-ada3/evaluador-ensayos-v2/scripts/verify-loop.js
[2026-08-03T12:44:04.259Z] CYCLE_1_VERIFICATION_FAILED
[2026-08-03T12:44:12.259Z] CYCLE_START cycle=2
[2026-08-03T12:44:12.271Z] NO_EVALUATION_WORK_NEEDED
[2026-08-03T12:44:12.364Z] POST_FIX_VERIFICATION ok=false reason=Command failed: node /Users/albertoottatirosas/coeval-lapbook-ada3/evaluador-ensayos-v2/scripts/verify-loop.js
[2026-08-03T12:44:12.364Z] CYCLE_2_VERIFICATION_FAILED
[2026-08-03T12:44:20.208Z] NO_EVALUATION_WORK_NEEDED
[2026-08-03T12:44:20.447Z] NO_IMPROVEMENT_NEEDED
[2026-08-03T12:44:20.520Z] START self-improvement-loop maxCycles=8
[2026-08-03T12:44:20.520Z] CYCLE_START cycle=1
[2026-08-03T12:44:20.534Z] NO_EVALUATION_WORK_NEEDED
[2026-08-03T12:44:20.607Z] POST_FIX_VERIFICATION ok=false reason=Command failed: node /Users/albertoottatirosas/coeval-lapbook-ada3/evaluador-ensayos-v2/scripts/verify-loop.js
[2026-08-03T12:44:20.607Z] CYCLE_1_VERIFICATION_FAILED
[2026-08-03T12:44:28.608Z] CYCLE_START cycle=2
[2026-08-03T12:44:28.616Z] NO_EVALUATION_WORK_NEEDED
[2026-08-03T12:44:28.727Z] POST_FIX_VERIFICATION ok=false reason=Command failed: node /Users/albertoottatirosas/coeval-lapbook-ada3/evaluador-ensayos-v2/scripts/verify-loop.js
[2026-08-03T12:44:28.728Z] CYCLE_2_VERIFICATION_FAILED
[2026-08-03T12:44:36.618Z] NO_EVALUATION_WORK_NEEDED
[2026-08-03T12:44:36.925Z] NO_IMPROVEMENT_NEEDED
[2026-08-03T12:44:37.001Z] START self-improvement-loop maxCycles=8
[2026-08-03T12:44:37.001Z] CYCLE_START cycle=1
[2026-08-03T12:44:37.015Z] NO_EVALUATION_WORK_NEEDED
[2026-08-03T12:44:37.088Z] POST_FIX_VERIFICATION ok=false reason=Command failed: node /Users/albertoottatirosas/coeval-lapbook-ada3/evaluador-ensayos-v2/scripts/verify-loop.js
[2026-08-03T12:44:37.089Z] CYCLE_1_VERIFICATION_FAILED
[2026-08-03T12:44:45.090Z] CYCLE_START cycle=2
[2026-08-03T12:44:45.101Z] NO_EVALUATION_WORK_NEEDED
[2026-08-03T12:44:45.243Z] POST_FIX_VERIFICATION ok=false reason=Command failed: node /Users/albertoottatirosas/coeval-lapbook-ada3/evaluador-ensayos-v2/scripts/verify-loop.js
[2026-08-03T12:44:45.243Z] CYCLE_2_VERIFICATION_FAILED
[2026-08-03T12:44:53.033Z] NO_EVALUATION_WORK_NEEDED
[2026-08-03T12:44:53.269Z] NO_IMPROVEMENT_NEEDED
[2026-08-03T12:44:53.332Z] START self-improvement-loop maxCycles=8
[2026-08-03T12:44:53.332Z] CYCLE_START cycle=1
[2026-08-03T12:44:53.346Z] NO_EVALUATION_WORK_NEEDED
[2026-08-03T12:44:53.426Z] POST_FIX_VERIFICATION ok=false reason=Command failed: node /Users/albertoottatirosas/coeval-lapbook-ada3/evaluador-ensayos-v2/scripts/verify-loop.js
[2026-08-03T12:44:53.426Z] CYCLE_1_VERIFICATION_FAILED
[2026-08-03T12:45:01.427Z] CYCLE_START cycle=2
[2026-08-03T12:45:01.436Z] NO_EVALUATION_WORK_NEEDED
[2026-08-03T12:45:01.542Z] POST_FIX_VERIFICATION ok=false reason=Command failed: node /Users/albertoottatirosas/coeval-lapbook-ada3/evaluador-ensayos-v2/scripts/verify-loop.js
[2026-08-03T12:45:01.543Z] CYCLE_2_VERIFICATION_FAILED
[2026-08-03T12:45:09.405Z] NO_EVALUATION_WORK_NEEDED
[2026-08-03T12:45:09.676Z] NO_IMPROVEMENT_NEEDED
[2026-08-03T12:45:09.742Z] START self-improvement-loop maxCycles=8
[2026-08-03T12:45:09.743Z] CYCLE_START cycle=1
[2026-08-03T12:45:09.757Z] NO_EVALUATION_WORK_NEEDED
[2026-08-03T12:45:09.833Z] POST_FIX_VERIFICATION ok=false reason=Command failed: node /Users/albertoottatirosas/coeval-lapbook-ada3/evaluador-ensayos-v2/scripts/verify-loop.js
[2026-08-03T12:45:09.833Z] CYCLE_1_VERIFICATION_FAILED
[2026-08-03T12:45:17.834Z] CYCLE_START cycle=2
[2026-08-03T12:45:17.846Z] NO_EVALUATION_WORK_NEEDED
[2026-08-03T12:45:17.960Z] POST_FIX_VERIFICATION ok=false reason=Command failed: node /Users/albertoottatirosas/coeval-lapbook-ada3/evaluador-ensayos-v2/scripts/verify-loop.js
[2026-08-03T12:45:17.961Z] CYCLE_2_VERIFICATION_FAILED
[2026-08-03T12:45:45.171Z] NO_EVALUATION_WORK_NEEDED
[2026-08-03T12:45:45.428Z] NO_IMPROVEMENT_NEEDED
[2026-08-03T12:45:45.500Z] START self-improvement-loop maxCycles=8
[2026-08-03T12:45:45.500Z] CYCLE_START cycle=1
[2026-08-03T12:45:45.516Z] NO_EVALUATION_WORK_NEEDED
[2026-08-03T12:45:45.596Z] POST_FIX_VERIFICATION ok=false reason=Command failed: node /Users/albertoottatirosas/coeval-lapbook-ada3/evaluador-ensayos-v2/scripts/verify-loop.js
[2026-08-03T12:45:45.596Z] CYCLE_1_VERIFICATION_FAILED
[2026-08-03T12:45:53.597Z] CYCLE_START cycle=2
[2026-08-03T12:45:53.608Z] NO_EVALUATION_WORK_NEEDED
[2026-08-03T12:45:53.714Z] POST_FIX_VERIFICATION ok=false reason=Command failed: node /Users/albertoottatirosas/coeval-lapbook-ada3/evaluador-ensayos-v2/scripts/verify-loop.js
[2026-08-03T12:45:53.715Z] CYCLE_2_VERIFICATION_FAILED
[2026-08-03T12:46:01.539Z] NO_EVALUATION_WORK_NEEDED
[2026-08-03T12:46:01.779Z] NO_IMPROVEMENT_NEEDED
[2026-08-03T12:46:01.847Z] START self-improvement-loop maxCycles=8
[2026-08-03T12:46:01.847Z] CYCLE_START cycle=1
[2026-08-03T12:46:01.863Z] NO_EVALUATION_WORK_NEEDED
[2026-08-03T12:46:01.940Z] POST_FIX_VERIFICATION ok=false reason=Command failed: node /Users/albertoottatirosas/coeval-lapbook-ada3/evaluador-ensayos-v2/scripts/verify-loop.js
[2026-08-03T12:46:01.940Z] CYCLE_1_VERIFICATION_FAILED
[2026-08-03T12:46:09.942Z] CYCLE_START cycle=2
[2026-08-03T12:46:09.948Z] NO_EVALUATION_WORK_NEEDED
[2026-08-03T12:46:10.083Z] POST_FIX_VERIFICATION ok=false reason=Command failed: node /Users/albertoottatirosas/coeval-lapbook-ada3/evaluador-ensayos-v2/scripts/verify-loop.js
[2026-08-03T12:46:10.084Z] CYCLE_2_VERIFICATION_FAILED
[2026-08-03T12:46:17.914Z] NO_EVALUATION_WORK_NEEDED
[2026-08-03T12:46:18.162Z] NO_IMPROVEMENT_NEEDED
[2026-08-03T12:46:18.225Z] START self-improvement-loop maxCycles=8
[2026-08-03T12:46:18.226Z] CYCLE_START cycle=1
[2026-08-03T12:46:18.240Z] NO_EVALUATION_WORK_NEEDED
[2026-08-03T12:46:18.309Z] POST_FIX_VERIFICATION ok=false reason=Command failed: node /Users/albertoottatirosas/coeval-lapbook-ada3/evaluador-ensayos-v2/scripts/verify-loop.js
[2026-08-03T12:46:18.309Z] CYCLE_1_VERIFICATION_FAILED
[2026-08-03T12:46:26.311Z] CYCLE_START cycle=2
[2026-08-03T12:46:26.320Z] NO_EVALUATION_WORK_NEEDED
[2026-08-03T12:46:26.433Z] POST_FIX_VERIFICATION ok=false reason=Command failed: node /Users/albertoottatirosas/coeval-lapbook-ada3/evaluador-ensayos-v2/scripts/verify-loop.js
[2026-08-03T12:46:26.433Z] CYCLE_2_VERIFICATION_FAILED
[2026-08-03T12:46:34.251Z] NO_EVALUATION_WORK_NEEDED
[2026-08-03T12:46:34.486Z] NO_IMPROVEMENT_NEEDED
[2026-08-03T12:46:34.548Z] START self-improvement-loop maxCycles=8
[2026-08-03T12:46:34.548Z] CYCLE_START cycle=1
[2026-08-03T12:46:34.562Z] NO_EVALUATION_WORK_NEEDED
[2026-08-03T12:46:34.641Z] POST_FIX_VERIFICATION ok=false reason=Command failed: node /Users/albertoottatirosas/coeval-lapbook-ada3/evaluador-ensayos-v2/scripts/verify-loop.js
[2026-08-03T12:46:34.641Z] CYCLE_1_VERIFICATION_FAILED
[2026-08-03T12:46:42.641Z] CYCLE_START cycle=2
[2026-08-03T12:46:42.653Z] NO_EVALUATION_WORK_NEEDED
[2026-08-03T12:46:42.763Z] POST_FIX_VERIFICATION ok=false reason=Command failed: node /Users/albertoottatirosas/coeval-lapbook-ada3/evaluador-ensayos-v2/scripts/verify-loop.js
[2026-08-03T12:46:42.763Z] CYCLE_2_VERIFICATION_FAILED
[2026-08-03T12:46:50.613Z] NO_EVALUATION_WORK_NEEDED
[2026-08-03T12:46:50.869Z] NO_IMPROVEMENT_NEEDED
[2026-08-03T12:46:50.940Z] START self-improvement-loop maxCycles=8
[2026-08-03T12:46:50.940Z] CYCLE_START cycle=1
[2026-08-03T12:46:50.955Z] NO_EVALUATION_WORK_NEEDED
[2026-08-03T12:46:51.038Z] POST_FIX_VERIFICATION ok=false reason=Command failed: node /Users/albertoottatirosas/coeval-lapbook-ada3/evaluador-ensayos-v2/scripts/verify-loop.js
[2026-08-03T12:46:51.038Z] CYCLE_1_VERIFICATION_FAILED
[2026-08-03T12:46:59.040Z] CYCLE_START cycle=2
[2026-08-03T12:46:59.047Z] NO_EVALUATION_WORK_NEEDED
[2026-08-03T12:46:59.153Z] POST_FIX_VERIFICATION ok=false reason=Command failed: node /Users/albertoottatirosas/coeval-lapbook-ada3/evaluador-ensayos-v2/scripts/verify-loop.js
[2026-08-03T12:46:59.154Z] CYCLE_2_VERIFICATION_FAILED
[2026-08-03T12:47:30.824Z] START self-improvement-loop maxCycles=8
[2026-08-03T12:47:30.825Z] CYCLE_START cycle=1
[2026-08-03T12:47:30.858Z] NO_EVALUATION_WORK_NEEDED
[2026-08-03T12:47:30.941Z] POST_FIX_VERIFICATION ok=false reason=Command failed: node /Users/albertoottatirosas/coeval-lapbook-ada3/evaluador-ensayos-v2/scripts/verify-loop.js
[2026-08-03T12:47:30.941Z] CYCLE_1_VERIFICATION_FAILED
[2026-08-03T12:47:38.942Z] CYCLE_START cycle=2
[2026-08-03T12:47:38.953Z] NO_EVALUATION_WORK_NEEDED
[2026-08-03T12:47:39.087Z] POST_FIX_VERIFICATION ok=false reason=Command failed: node /Users/albertoottatirosas/coeval-lapbook-ada3/evaluador-ensayos-v2/scripts/verify-loop.js
[2026-08-03T12:47:39.087Z] CYCLE_2_VERIFICATION_FAILED
[2026-08-03T12:47:47.089Z] CYCLE_START cycle=3
[2026-08-03T12:47:47.099Z] NO_EVALUATION_WORK_NEEDED
[2026-08-03T12:47:47.205Z] POST_FIX_VERIFICATION ok=false reason=Command failed: node /Users/albertoottatirosas/coeval-lapbook-ada3/evaluador-ensayos-v2/scripts/verify-loop.js
[2026-08-03T12:47:47.205Z] CYCLE_3_VERIFICATION_FAILED
[2026-08-03T12:47:55.207Z] CYCLE_START cycle=4
[2026-08-03T12:47:55.216Z] NO_EVALUATION_WORK_NEEDED
[2026-08-03T12:47:55.338Z] POST_FIX_VERIFICATION ok=false reason=Command failed: node /Users/albertoottatirosas/coeval-lapbook-ada3/evaluador-ensayos-v2/scripts/verify-loop.js
[2026-08-03T12:47:55.338Z] CYCLE_4_VERIFICATION_FAILED
[2026-08-03T12:48:03.339Z] CYCLE_START cycle=5
[2026-08-03T12:48:03.347Z] NO_EVALUATION_WORK_NEEDED
[2026-08-03T12:48:03.449Z] POST_FIX_VERIFICATION ok=false reason=Command failed: node /Users/albertoottatirosas/coeval-lapbook-ada3/evaluador-ensayos-v2/scripts/verify-loop.js
[2026-08-03T12:48:03.449Z] CYCLE_5_VERIFICATION_FAILED
[2026-08-03T12:48:11.452Z] CYCLE_START cycle=6
[2026-08-03T12:48:11.460Z] NO_EVALUATION_WORK_NEEDED
[2026-08-03T12:48:11.575Z] POST_FIX_VERIFICATION ok=false reason=Command failed: node /Users/albertoottatirosas/coeval-lapbook-ada3/evaluador-ensayos-v2/scripts/verify-loop.js
[2026-08-03T12:48:11.575Z] CYCLE_6_VERIFICATION_FAILED
[2026-08-03T12:48:19.577Z] CYCLE_START cycle=7
[2026-08-03T12:48:19.583Z] NO_EVALUATION_WORK_NEEDED
[2026-08-03T12:48:19.696Z] POST_FIX_VERIFICATION ok=false reason=Command failed: node /Users/albertoottatirosas/coeval-lapbook-ada3/evaluador-ensayos-v2/scripts/verify-loop.js
[2026-08-03T12:48:19.697Z] CYCLE_7_VERIFICATION_FAILED
[2026-08-03T12:48:27.698Z] CYCLE_START cycle=8
[2026-08-03T12:48:27.707Z] NO_EVALUATION_WORK_NEEDED
[2026-08-03T12:48:27.822Z] POST_FIX_VERIFICATION ok=false reason=Command failed: node /Users/albertoottatirosas/coeval-lapbook-ada3/evaluador-ensayos-v2/scripts/verify-loop.js
[2026-08-03T12:48:27.822Z] CYCLE_8_VERIFICATION_FAILED
[2026-08-03T12:48:35.825Z] LOOP_END not_ready after=8 cycles
[2026-08-03T12:49:19.284Z] NO_EVALUATION_WORK_NEEDED
[2026-08-03T12:49:19.511Z] NO_IMPROVEMENT_NEEDED
[2026-08-03T12:49:19.573Z] START self-improvement-loop maxCycles=8
[2026-08-03T12:49:19.574Z] CYCLE_START cycle=1
[2026-08-03T12:49:19.587Z] NO_EVALUATION_WORK_NEEDED
[2026-08-03T12:49:19.660Z] POST_FIX_VERIFICATION ok=true reason=
[2026-08-03T12:49:19.660Z] APP_READY_FOR_TESTING cycle=1 verification=HEALTH 200 ok
RUBRICAS 200 [{"id":"3bgu-liberalismo","nombre":"Ensayo argumentativo — Liberalismo y libertades civiles en el Ecuador actual","puntajeMaximo":10},{"id":"1bgu-grecia-roma","nombre":"Rúbrica 1BGU Historia y Ciudadanía — Grecia y Roma","puntajeMaximo":10}]
EVAL_3BGU 200 {"rubricId":"3bgu-liberalismo","words":153,"truncated":false,"criteria":[{"id":"A","nombre":"Conocimiento y Comprensión","peso":3,"nivel":1,"justificacion":"Menciona conceptos relevantes, pero su aplicación es superficial o incompleta. Se recomienda vincular teoría y ejemplo con mayor precisión."},{"id":"C","nombre":"Comunicación","peso":3,"nivel":2,"justificacion":"La comunicación es comprensible y mantiene unidad temática, aunque hay margen para mejorar la cohesión entre párrafos."},{"id":"D","nombre":"Pensamiento Crítico","peso":4,"nivel":2,"justificacion":"El razonamiento crítico está presente y tiene sustento, aunque podría contrastar más perspectivas o evaluar límites."}],"total":5,"maxScore":10,"status":"ok"}
EVAL_1BGU 200 {"rubricId":"1bgu-grecia-roma","words":191,"truncated":false,"criteria":[{"id":"A","nombre":"Conocimiento y Comprensión","peso":3,"nivel":3,"justificacion":"Demuestra dominio preciso de los conceptos clave y los aplica correctamente al contexto evaluado."},{"id":"C","nombre":"Comunicación","peso":3,"nivel":2,"justificacion":"La comunicación es comprensible y mantiene unidad temática, aunque hay margen para mejorar la cohesión entre párrafos."},{"id":"D","nombre":"Pensamiento Crítico","peso":4,"nivel":2,"justificacion":"El razonamiento crítico está presente y tiene sustento, aunque podría contrastar más perspectivas o evaluar límites."}],"total":7,"maxScore":10,"status":"ok"}
EVAL_SHORT 200 {"rubricId":"3bgu-liberalismo","words":3,"truncated":false,"criteria":[],"total":0,"maxScore":10,"status":"TEXTO_INCOMPLETO"}
PASS - v2 verification loop
